// Jest Snapshot v1, https://goo.gl/fbAQLP

exports[`snapshot PostCard default load 1`] = `
<WithStyles(ForwardRef(Card))
  className="makeStyles-root-1"
  onClick={[Function]}
  onMouseDown={[Function]}
>
  <div>
    <WithStyles(ForwardRef(CardContent))
      className="makeStyles-cardContent-2"
    >
      <WithStyles(ForwardRef(Typography))
        variant="subtitle2"
      >
        <span
          className="makeStyles-postType-3"
        >
          Culture
        </span>
        <WithStyles(ForwardRef(Link))
          className="makeStyles-articleLink-7"
          href="Article URL"
          onClick={[Function]}
          target="_blank"
        >
          undefined
        </WithStyles(ForwardRef(Link))>
      </WithStyles(ForwardRef(Typography))>
      <WithStyles(ForwardRef(Typography))
        className="makeStyles-postTitle-4"
        variant="h6"
      >
        Post Title
      </WithStyles(ForwardRef(Typography))>
      <WithStyles(ForwardRef(Link))
        color="textSecondary"
        variant="subtitle2"
      >
        Bob Bobby
      </WithStyles(ForwardRef(Link))>
       
      <WithStyles(ForwardRef(Typography))
        color="textSecondary"
        variant="subtitle2"
      >
        Invalid date
         - 
        Invalid date
      </WithStyles(ForwardRef(Typography))>
    </WithStyles(ForwardRef(CardContent))>
  </div>
  <div
    className="makeStyles-rightPanel-8"
  >
    <div
      className="makeStyles-buttonGroup-9"
      onClick={[Function]}
    >
      <WithStyles(Connect(PostLike))
        isPostLiked={false}
        numberOfLikes={2}
        postId={3028}
      />
      <WithStyles(Connect(withRouter(PostFavourite)))
        isFavourited={false}
        postId={3028}
      />
    </div>
    <WithStyles(ForwardRef(CardMedia))
      className="makeStyles-image-6"
      component="img"
      src="Image URL"
    />
  </div>
</WithStyles(ForwardRef(Card))>
`;
